10100100010111010001100101110100111010010100110111100000010011000001001110000101000010011111000101110101111001010110001011100100
00000101011110011111100000101111101110011101111000011101111010010001001100001100111100111010001101010000111111011000101010110010
01100000110100110011011010101111010100000111001110011100100101011010010001011010110011101101011111001101110011101011100011110000
11110001110101111101001100011010110010001000010011010011010001110111110111011101100111101101101011011011100011111111111001001100
10100100011110111100110010010101111101101001110010011110110011110100110100100101100001001000000000111011001011101011011011100011
00100110001111000101101000011000010101100000011001110100010001010011101100011110000010000010001001110100000011100011110111100100
11011110110000001111111111101011101000011111011111001010111100101111001110110010011110100101111111101101011100011101111110101100
10011011000000101010010111111001100111110111000001110000101001010001101001011100101111100111101101111110110011100000111111001110
01010011010100100011000111011011110001010011000010011010010100111001011011011110001101110111111101100001100001101100010100111111
11100111000011110111010000101111001001011010001101000101111100010100101100111010010010110101001111001101111010110011110011001100
11010111010010111011110010110111111001011000101011100110111111011001110110110100101111100010100000111010101000011001100010100101
00010001110001011000111110111001010001100011101111110101011100110100110000101001011011000010101101100000100110011101111000000101
01001100101010010101000011100111111101101011100100101101001010001011111000010100100011010100100011111110011010011101110101100011
11000110101000110011001101001100101101110011100011110000110111001100101011111011000110000001100011110110010011101110001011000101
11101111000100111010010111011101001111010101110001100010111111101100101000010011101010000000011110100001010101100101011111111001
11101011011110000011100010000011111010101001011110100111110011111010010110101100001000101111100010000011011010011011010101000001
11110110100101111110101101000010110110111000110100011001111010000101100111001001110111011100001010010111111010011100100101000110
11110001001101101101010010011000100010100010001000000000110101000010011110100001001001101001000000111000010000110101101010011011
00001101000001101000110101101001000101100001111000100101000000110010101001010001011011110111111010101111001101000010010011111100
10010001100011101111001111111101101011101111001001001011101100100000010011101101111101100101001111011110111010011000001000011001
10110110101000101110100110101000100110111100001110101101101011000110001001110111010001001011000011001101001010000111110110110000
00011100110111110111101000111010000011001010010010110110000000110110100111110100101000111100010001101110111111001110010110111111
00110111111111110010000000110001001001000101010010101110100000000000000110000001001000010110110011111000110110101100011101011101
11010000111101010101010100100101001000000101001000000000011100110101000110100010011110000110011110010000010001100001110001110001
00101011100100111001101001001011011001110110010001001100001101100111101101000111111111110100110111101101011010110110111110101101
11100001101101100110111100110101110100111011001000011101010000011110011100100011110110110000000011101001110001100110000111000011
11101001101010101110010100111000000000010011100110000011101010001001010011000101011000110011010001110111110100011001110011010001
01010001110110101110000101110010000111100101010111101110000001010110110001110101101011010110100000000110011001010101011001000110
00110011011111101000010010000110000111101000011011100111100101110101001000011101010001111100011100010011111111000101100101101001
10010111110000010011100001011101001110000001001011010100101111101011010000010101010000110100001001110100111101100001010001100010
10100011001111110001011001001001101011000001110010111000000010101000001100110110001011010000001011101110000010001000001011100001
00000011110110010110010100000001010110011000011100001010000110010000101101111000000110000111000010000010010101010011111000011000
01000011011000001000111100100000011101111010011011110010010011001110100001000111001010000011000000100001011101111000110111101110
10001001011001010010110110011101111101111001001100110010011100010011010101110110110000110100011101001001011011011010110000101011
10111100110000100100001010100100110010101110111110000000001111101110001011110111011101100010011110011110010101000000110110001111
00001100110110110010111110001001101110100001111011111011100000011001011001101011000001011000000001011110010001100111100100110011
10010011100101100011001001110010100110000100110101101011100110010011111010111011101010111111000000110010001001011111111110001011
10001011001101000111000010010101001010101010110111010000001011001100101010000010011001011011100110101000010011100100010011101000
11001110011001001111000100001111101111101001010001110111100111010000001111000000110010010101010000110100000000101111101110001010
01110111111111011100000000101110111000110010100010111100011110011011101110100000010000001111101000111101010100101110011100010010
10001001111101001111101000110010000110001001111001001100111000011001010000010010011111101010111001110110010110001000100101010010
00110000100100010010111100001000101110111110011011001010001000011111010011001101001101010100100000110011111011001111101100011111
00001110100001110100111010001011100001111001001110110101011000100011001101010100011110111101011001011001111100000001101100011001
01011111011101101011011000001000101010011100000110000100100000100101001111001010010000011110110110111100100011011011111110100101
01111000000011101000011110100101101011100110010100111011010011110010101001010111110100110100110001010000001011000001111010100000
11010000111001011001011011010100010111101101001001100001001101000111111100100110111101011010001011001100010101101010101111011111
01010001001000000111010100010000111000010001100000010101001111000101110011011000110110011100010100001110010110010111111001011001
11011000010000000101010000101010100001101011111010010011001101100100101100010111110011001001010000000101101000101011010110101001
11000000011000101111110000100111100001100111010001001000011010001000011011111011000110010111001101110001110000110010101000000010
01000101110101011101110100010000101110101011011000010110000000100110011110001011111010010100010101111100111100001010010101000100
00101011000000001110010111101111001101111001011000011011000101001000101101010000010101000111010111100000000101110101000110010110
11110101111100011110101110111101010100101101110111011001100111111001001101111010100110001110101101100011011010100001110001011111
00111101110001111100110101011001011101001000011110100110010111100010101100101100001000010001101010000001010110010110011110100110
00100100001111110011000111011111001010000000001111010100011110011000001000100101001110000101001100010011000110100100110111110011
10000000110010100000010010110101100010000101011001110110111011111100110010111011000100101100011101000111111001001100101111010010
01111001011011000100011110000101110101110100011100010101000100100011011000000000100100011011110111001100100000101000011000001001
10100000001101001101111111110010011011111000010111000100100001011100100101100000111101001111111111101010101001101001010111000100
11110110010100010010111011011010101001001110001100100001000010101010111111001101111000011011000000110000000010110100011011011110
01011100011010111100111001110010010101111000111101000010100001011001101101000000111010100110101100111001100110000110001110000100
11100011101100001010110001000111110010001101110000111100000101110111111000110001001101101011111011101111011111011111011001000010
00001110001101000110111101000100100100000001111000101001001110100001101111110011011000001010101111110101101111110001110110010111
00011110100111000111011011101111100100110100101001010111111010110111100010011100100111010101001111011111111111111110111111011100
00011100111111000001001100101111001011111011110100100000000110101101111111000110110001001111110011000011000111010001111100101001
00111000110011010100001101010100010010100111111000001000110000101001110100100100011011110110011110100010011111101100000001000101
11110010010000110110111110001110000000000101111000001000100001001000010110110100000100010110101011011001000100100100101110100111
10010010100011010010111110100110011001101111110100110100010110010110001110011000111100010011001100111011110101001011010010000010
00000010011111101111111101010001110010000010010001010110100001010101110101100000001101011110010110010001010001001111100011101000
11100001101111100011000110101001000000100110111010111000001101011001011100101110111100001111111111101100101111010011100000011000
00010011011011101100010011101000111000100010010101110110101011101111101000101111000000110001010111110110011011000101011000000101
10011010110110001110111001110011110000011011011100000110000000100110010000000011111010111111011111101001010111000010000110101011
00110110010001000111101100001100010110101111001001011011011100111111010111111000011110110100101011000000111000111101001001110101
01101111111000001000010111010110110011100111010001001011101000011010001001011000111001101100101000100001011111011101000100001111
10101100100101010011111000111100101100011000001010100101110010100101000011010000110000110100010011001001101110100110001010100100
00000010011111111000100110000000011111100111001010001011011001111011010101010000010011011101110110010111000001110011101011011011
10011000101100110100000110001010100101011110010111000101110010000001001001100010011000111100011110110100000011111000110000010110
11011110100111100111110001101100010100101010110111011000000000011011000010010011110010001000101010011001001110000101100011101100
11101100010010101011001101000110010010000000111100001010110110000101001111010010000000110110001011010110011011110011110011111100
00111101001110110110100101000100010011101101111111001010000100101001101011110111010000111100010101111000111101011101101101100001
01011100101111101000011100100110110001101010000101100101000001001110000101010110000000001011110110010110011101110010001110100111
11100101111000001001000010100010100000010010100101100011111011010001010011101011100110010000001011001100011110111101110010001110
10000000101000000011000111100001010101011001001010111111101110010110000101111100100010100111101011001100110010011101010011010011
10010101000110000011011100111110010100000000010010111111000100100110011101000101000011010110100111001001011000000011011011101010
11001110100111010001110001010000011101010011110011010001000110010111001010001101000001010010000111110001101001001110010010110111
01111001000101001111010110100010111100001100011010110000101110100000000010100001111101101001110111010000101100000011111001010100
00101010101000011110010001000110000010011001110100010011010100101010001100100101011100110110110110011001110000010101101110101000
11001101001000110011101111000100100001100111011000001011001111000001000000011111101110100101111111101110000100110100110101110101
10110010000011101100101100100111001000001111000001111101110110100011110100101001011110110100010100110011110000011010011100000000
00110011001001101101100001011111100111001100111110111110011110010100111111001000111110101110010010101000000111000000001101010011
01001001010011001100000011000000001010001000010110001010011010100101000101110100110110101101111001011111001101110000000001011011
00101100000111110011110100000010110100000010000101001000010100101010110101000110010010110111100111111110101011001111000001110100
10000111010010110110001100111110100001110001111100111000101111110001110100100001101011010101000010001000000000111110110000010111
00101001000101111100101010100110000110000010101000101110100011100010100111101110100001100101011110100000010011110010001001011111
00010111010001110110000111010001111011000001001001110001110100111000110111011101100100000111100011111010111111001011011100011000
10001110110111100011010001110001010101010000110110010100111000100100011100110110111100010111101100010111010010000000011001010000
11100101000011100001111100000100001010101000111011000100000100000110001110011110101110110111100111100011100010011110100010011110
00010001100001101000001011100111001010111100010000101101111110010110001000101111100010101101111001001110011001100111000010100010
00001111101111101111110010111111111000111000001111000011000110010100001101100101101001001001010011001001101010011010001000100011
00111110111011011010101001000011100100110011001110110001000100011000001111011000011001010000000000000100110101110111110011010000
11101001011001010001101010000001101101000110010111100111100010111000100011001110100101011111010010101011110011011001011011000011
00100111011111001000111001110011001111100111111010001110111110111011110010001111001010000011110001110110010110111111011011100100
00011000100111100100101110110100000100011110010000111000101101000001011110100110101100110011000011010101011001110110100100001101
01110110010001111111001100000010111111010110010001111101010011110011000101100111101010011000001111010001010011111100100010000001
00011011011001000011000100101100001111110000011010101000111010101000001001000101001111001011111110111110101000001111000010011001
00100110001011010101111100100101111101011101100011110001000111100111100110111111000001110111010110000001101110010100100100001100
00010111101001011110011001110011001111100110001011110110100000000001110011100111000110011000100111000001101011011111110010001100
01011110100111110010100001110001011101111100010000111110100010110110100110001010010001111111011110101011110100101100110101111011
01011000000101011110101010100010111111000010100111100001100011000001101101000111100010001011101000101110111111011110100100011000
00110111110011010110100011010110010110100101101011100110100001100001000010100000010101010111101110110111101110101110101001000001
00101111011110011110010010010100100000101100111011111101000010100111011010011101111100010000101011011010101011011000101111011110
01111110000010110010101010000010010000001010110010010100000001010000001111001001101011101001110100011100000100000111100000000110
10011010100010011000001101100110101000100001001010110111100010001110011001110110111110111001001111011000000011110101101011011101
01001111101011001011110100000000000011011111011101011110011110010011100000111111001101011011000100110000011110110111100101101000
11010010010000101100010000010101010010100101010001111100101000111110110110101111110111101110001110110110100101010000000100110101
10100110101101011001100100100001110011110110011110010011000000010110011101011011011001110011110101000100010100100111000010001010
10100110011100111100101101000011010000101001011001000001111011110010000100111101110110001100010101101101011110110110011101001100
00001100000011000111111110110011110100101010101101101010100010000100100111011111100000101111000010111011111000111110111111111101
00111100001110101011101001111000010101010100110110000011010000101001111010000111001000111010101001101111100111000101001011101001
10101000110000011111010110011010111100000011011110111010101010000010110000110101010010101100000101011011011001001010001011001110
00101010100100011011000101100010001101011111111011111110111010101111011001011100110110010001001010010111000111001001011001000000
10100110010110010011001111011011000010010010011000000001100010011110010001111101100001001100011010001111000011000111111100110001
11000000000010010110010110001010000010111010000100011111001111011000010110110110111100100110001011011000110001110011001111110000
10011100000011101111100010111001011101001110101110111111111000001101101011110101010111011000111001011010101001101111001100110100
10101001101000110001010100000101100011110101010110101010010000111001101111000100011111110001010111011111001101101000000110110000
11100110010110011001000110100110010000001101001100111101100000010100111101011101001110001000011110010101101100101011010110100010
01011000100010111100001011110011110110011010101011111111010100010001011011110100100011101100001011111011111101010111010000111001
10101110101011100000001000011011010010011101110100010100010110100011101000110100010110101100111100011010101111010111001000110111
11010101111101101101000011011011101000011011110011000001010110001000011111010001101001111000111110111101001010111011101010010101
10110110011111001000011110001110011000101011111111100101000010011111101111101110010000110010001010000010000001100100000101001010
00000110101100101000001111001111000000000000011000010001111110010101110000001001111010010000110110000001001001000101101011001000
01000010111101010110111001011010100101010101010111100011001000111001001011100001100011101011111000011100011101001110101100001001
00111100100010001111001101001100010001100101000100111110000010010011111110001110000111101110000101101101000001111011111000100101
11100111111111100011001100011111010001111110100100110010100110101001001011011010011100100111100011111011100011011111111011000101
11000111110000100001111110101011011110010001101001100101000001010110101100001011000001110000110101110011001101101010001101000000
11100101100011100100001001100111010011010110100100110011010011000010101100111110111101110011010110001110001000100011001000000000
10110010001111111110110001000000111010101010001010011100110111000101001101111011011111001111000000000010000111011001100100000100
00111100010010110111001100011110110001110101000011010010111011100011011111100001001010000000100110011011000100000010001110110011
01110011010110001110110111111000111001001111100010010011110111001100101010111100100111000111011111110011111101111100010101010001
00010111001011001111110000111110011001010101001100101110100001010011110100110011100001100011100001101010111111000010001101000110
00000000000000000000000000000000000000000000000000000000000000000000000000000000000000000000000000000000000000000000000000010100
