Copyright 1986-2022 Xilinx, Inc. All Rights Reserved.
------------------------------------------------------------------------------------
| Tool Version : Vivado v.2022.2 (win64) Build 3671981 Fri Oct 14 05:00:03 MDT 2022
| Date         : Wed May  6 20:22:42 2026
| Host         : MSI running 64-bit major release  (build 9200)
| Command      : upgrade_ip
| Device       : xck26-sfvc784-2LV-c
------------------------------------------------------------------------------------

Upgrade Log for IP 'hqc_accelerator_hqc_axi_wrapper_0_0'

1. Summary
----------

SUCCESS in the conversion of hqc_accelerator_hqc_axi_wrapper_0_0 (xilinx.com:user:hqc_axi_wrapper:1.0 (Rev. 1)) to Vivado generation flows.






Copyright 1986-2022 Xilinx, Inc. All Rights Reserved.
------------------------------------------------------------------------------------
| Tool Version : Vivado v.2022.2 (win64) Build 3671981 Fri Oct 14 05:00:03 MDT 2022
| Date         : Wed May  6 20:07:46 2026
| Host         : MSI running 64-bit major release  (build 9200)
| Command      : upgrade_ip
| Device       : xck26-sfvc784-2LV-c
------------------------------------------------------------------------------------

Upgrade Log for IP 'hqc_accelerator_axi_wrapper_0_0'

1. Summary
----------

SUCCESS in the upgrade of hqc_accelerator_axi_wrapper_0_0 (xilinx.com:user:axi_wrapper:1.0) from (Rev. 2) to (Rev. 3)

