#-----------------------------------------------------------
# Vivado v2022.2 (64-bit)
# SW Build 3671981 on Fri Oct 14 05:00:03 MDT 2022
# IP Build 3669848 on Fri Oct 14 08:30:02 MDT 2022
# Start of session at: Thu May  7 11:17:40 2026
# Process ID: 22804
# Current directory: C:/Users/THUAN/Downloads/project_1
# Command line: vivado.exe -gui_launcher_event rodinguilauncherevent18340 C:\Users\THUAN\Downloads\project_1\project_1.xpr
# Log file: C:/Users/THUAN/Downloads/project_1/vivado.log
# Journal file: C:/Users/THUAN/Downloads/project_1\vivado.jou
# Running On: MSI, OS: Windows, CPU Frequency: 2688 MHz, CPU Physical cores: 10, Host memory: 8276 MB
#-----------------------------------------------------------
start_gui
open_project C:/Users/THUAN/Downloads/project_1/project_1.xpr
WARNING: [Board 49-26] cannot add Board Part xilinx.com:kc705:part0:1.6 available at D:/Apps/Xilinx/Vivado/2022.2/data/xhub/boards/XilinxBoardStore/boards/Xilinx/kc705/1.6/board.xml as part xc7k325tffg900-2 specified in board_part file is either invalid or not available
WARNING: [Board 49-26] cannot add Board Part xilinx.com:kcu105:part0:1.6 available at D:/Apps/Xilinx/Vivado/2022.2/data/xhub/boards/XilinxBoardStore/boards/Xilinx/kcu105/1.6/board.xml as part xcku040-ffva1156-2-e specified in board_part file is either invalid or not available
WARNING: [Board 49-26] cannot add Board Part xilinx.com:kcu105:part0:1.7 available at D:/Apps/Xilinx/Vivado/2022.2/data/xhub/boards/XilinxBoardStore/boards/Xilinx/kcu105/1.7/board.xml as part xcku040-ffva1156-2-e specified in board_part file is either invalid or not available
WARNING: [Board 49-26] cannot add Board Part xilinx.com:kcu1500:part0:1.2 available at D:/Apps/Xilinx/Vivado/2022.2/data/xhub/boards/XilinxBoardStore/boards/Xilinx/kcu1500/1.2/board.xml as part xcku115-flvb2104-2-e specified in board_part file is either invalid or not available
WARNING: [Board 49-26] cannot add Board Part xilinx.com:vc707:part0:1.4 available at D:/Apps/Xilinx/Vivado/2022.2/data/xhub/boards/XilinxBoardStore/boards/Xilinx/vc707/1.4/board.xml as part xc7vx485tffg1761-2 specified in board_part file is either invalid or not available
WARNING: [Board 49-26] cannot add Board Part xilinx.com:vc709:part0:1.8 available at D:/Apps/Xilinx/Vivado/2022.2/data/xhub/boards/XilinxBoardStore/boards/Xilinx/vc709/1.8/board.xml as part xc7vx690tffg1761-2 specified in board_part file is either invalid or not available
WARNING: [Board 49-26] cannot add Board Part xilinx.com:vck190:part0:2.2 available at D:/Apps/Xilinx/Vivado/2022.2/data/xhub/boards/XilinxBoardStore/boards/Xilinx/vck190/production/2.2/board.xml as part xcvc1902-vsva2197-2mp-e-s specified in board_part file is either invalid or not available
WARNING: [Board 49-26] cannot add Board Part xilinx.com:vck190:part0:3.0 available at D:/Apps/Xilinx/Vivado/2022.2/data/xhub/boards/XilinxBoardStore/boards/Xilinx/vck190/production/3.0/board.xml as part xcvc1902-vsva2197-2mp-e-s specified in board_part file is either invalid or not available
WARNING: [Board 49-26] cannot add Board Part xilinx.com:vck190:part0:3.1 available at D:/Apps/Xilinx/Vivado/2022.2/data/xhub/boards/XilinxBoardStore/boards/Xilinx/vck190/production/3.1/board.xml as part xcvc1902-vsva2197-2mp-e-s specified in board_part file is either invalid or not available
WARNING: [Board 49-26] cannot add Board Part xilinx.com:vck190_newl:part0:1.0 available at D:/Apps/Xilinx/Vivado/2022.2/data/xhub/boards/XilinxBoardStore/boards/Xilinx/vck190_newl/production/1.0/board.xml as part xcvc1902-vsva2197-2mp-e-s specified in board_part file is either invalid or not available
WARNING: [Board 49-26] cannot add Board Part xilinx.com:vcu108:part0:1.6 available at D:/Apps/Xilinx/Vivado/2022.2/data/xhub/boards/XilinxBoardStore/boards/Xilinx/vcu108/1.6/board.xml as part xcvu095-ffva2104-2-e specified in board_part file is either invalid or not available
WARNING: [Board 49-26] cannot add Board Part xilinx.com:vcu108:part0:1.7 available at D:/Apps/Xilinx/Vivado/2022.2/data/xhub/boards/XilinxBoardStore/boards/Xilinx/vcu108/1.7/board.xml as part xcvu095-ffva2104-2-e specified in board_part file is either invalid or not available
WARNING: [Board 49-26] cannot add Board Part xilinx.com:vcu110:part0:1.4 available at D:/Apps/Xilinx/Vivado/2022.2/data/xhub/boards/XilinxBoardStore/boards/Xilinx/vcu110/1.4/board.xml as part xcvu190-flgc2104-2-e specified in board_part file is either invalid or not available
WARNING: [Board 49-26] cannot add Board Part xilinx.com:vcu118:part0:2.0 available at D:/Apps/Xilinx/Vivado/2022.2/data/xhub/boards/XilinxBoardStore/boards/Xilinx/vcu118/2.0/board.xml as part xcvu9p-flga2104-2l-e specified in board_part file is either invalid or not available
WARNING: [Board 49-26] cannot add Board Part xilinx.com:vcu118:part0:2.3 available at D:/Apps/Xilinx/Vivado/2022.2/data/xhub/boards/XilinxBoardStore/boards/Xilinx/vcu118/2.3/board.xml as part xcvu9p-flga2104-2l-e specified in board_part file is either invalid or not available
WARNING: [Board 49-26] cannot add Board Part xilinx.com:vcu118:part0:2.4 available at D:/Apps/Xilinx/Vivado/2022.2/data/xhub/boards/XilinxBoardStore/boards/Xilinx/vcu118/2.4/board.xml as part xcvu9p-flga2104-2l-e specified in board_part file is either invalid or not available
WARNING: [Board 49-26] cannot add Board Part xilinx.com:vcu128:part0:1.0 available at D:/Apps/Xilinx/Vivado/2022.2/data/xhub/boards/XilinxBoardStore/boards/Xilinx/vcu128/production/1.0/board.xml as part xcvu37p-fsvh2892-2l-e specified in board_part file is either invalid or not available
WARNING: [Board 49-26] cannot add Board Part xilinx.com:vcu129:part0:1.0 available at D:/Apps/Xilinx/Vivado/2022.2/data/xhub/boards/XilinxBoardStore/boards/Xilinx/vcu129/production/1.0/board.xml as part xcvu29p-fsga2577-2l-e specified in board_part file is either invalid or not available
WARNING: [Board 49-26] cannot add Board Part xilinx.com:vcu1525:part0:1.3 available at D:/Apps/Xilinx/Vivado/2022.2/data/xhub/boards/XilinxBoardStore/boards/Xilinx/vcu1525/1.3/board.xml as part xcvu9p-fsgd2104-2l-e specified in board_part file is either invalid or not available
WARNING: [Board 49-26] cannot add Board Part xilinx.com:vek280_es:part0:1.0 available at D:/Apps/Xilinx/Vivado/2022.2/data/xhub/boards/XilinxBoardStore/boards/Xilinx/vek280/es/1.0/board.xml as part xcve2802-vsvh1760-2lp-e-s-es1 specified in board_part file is either invalid or not available
WARNING: [Board 49-26] cannot add Board Part xilinx.com:vermeo_t1_mpsoc:part0:1.0 available at D:/Apps/Xilinx/Vivado/2022.2/data/xhub/boards/XilinxBoardStore/boards/Xilinx/vermeo_t1_mpsoc/1.0/board.xml as part xczu19eg-ffvd1760-2l-e specified in board_part file is either invalid or not available
WARNING: [Board 49-26] cannot add Board Part xilinx.com:vermeo_t1_rfsoc:part0:1.0 available at D:/Apps/Xilinx/Vivado/2022.2/data/xhub/boards/XilinxBoardStore/boards/Xilinx/vermeo_t1_rfsoc/1.0/board.xml as part xczu21dr-ffvd1156-2l-e specified in board_part file is either invalid or not available
WARNING: [Board 49-26] cannot add Board Part xilinx.com:vhk158_es:part0:1.0 available at D:/Apps/Xilinx/Vivado/2022.2/data/xhub/boards/XilinxBoardStore/boards/Xilinx/vhk158/es/1.0/board.xml as part xcvh1582-vsva3697-2mp-e-s-es1 specified in board_part file is either invalid or not available
WARNING: [Board 49-26] cannot add Board Part xilinx.com:vmk180:part0:2.2 available at D:/Apps/Xilinx/Vivado/2022.2/data/xhub/boards/XilinxBoardStore/boards/Xilinx/vmk180/production/2.2/board.xml as part xcvm1802-vsva2197-2mp-e-s specified in board_part file is either invalid or not available
WARNING: [Board 49-26] cannot add Board Part xilinx.com:vmk180:part0:3.0 available at D:/Apps/Xilinx/Vivado/2022.2/data/xhub/boards/XilinxBoardStore/boards/Xilinx/vmk180/production/3.0/board.xml as part xcvm1802-vsva2197-2mp-e-s specified in board_part file is either invalid or not available
WARNING: [Board 49-26] cannot add Board Part xilinx.com:vmk180:part0:3.1 available at D:/Apps/Xilinx/Vivado/2022.2/data/xhub/boards/XilinxBoardStore/boards/Xilinx/vmk180/production/3.1/board.xml as part xcvm1802-vsva2197-2mp-e-s specified in board_part file is either invalid or not available
WARNING: [Board 49-26] cannot add Board Part xilinx.com:vmk180_newl:part0:1.0 available at D:/Apps/Xilinx/Vivado/2022.2/data/xhub/boards/XilinxBoardStore/boards/Xilinx/vmk180_newl/production/1.0/board.xml as part xcvm1802-vsva2197-2mp-e-s specified in board_part file is either invalid or not available
WARNING: [Board 49-26] cannot add Board Part xilinx.com:vpk120:part0:1.0 available at D:/Apps/Xilinx/Vivado/2022.2/data/xhub/boards/XilinxBoardStore/boards/Xilinx/vpk120/production/1.0/board.xml as part xcvp1202-vsva2785-2mp-e-s specified in board_part file is either invalid or not available
WARNING: [Board 49-26] cannot add Board Part xilinx.com:vpk120_es:part0:1.2 available at D:/Apps/Xilinx/Vivado/2022.2/data/xhub/boards/XilinxBoardStore/boards/Xilinx/vpk120/es/1.2/board.xml as part xcvp1202-vsva2785-2mp-e-s-es1 specified in board_part file is either invalid or not available
WARNING: [Board 49-26] cannot add Board Part xilinx.com:vpk120_es_revb:part0:1.0 available at D:/Apps/Xilinx/Vivado/2022.2/data/xhub/boards/XilinxBoardStore/boards/Xilinx/vpk120_revb/es/1.0/board.xml as part xcvp1202-vsva2785-2mp-e-s-es1 specified in board_part file is either invalid or not available
WARNING: [Board 49-26] cannot add Board Part xilinx.com:vpk180_es:part0:1.0 available at D:/Apps/Xilinx/Vivado/2022.2/data/xhub/boards/XilinxBoardStore/boards/Xilinx/vpk180/es/1.0/board.xml as part xcvp1802-lsvc4072-2mp-e-s-es1 specified in board_part file is either invalid or not available
WARNING: [Board 49-26] cannot add Board Part xilinx.com:zc706:part0:1.4 available at D:/Apps/Xilinx/Vivado/2022.2/data/xhub/boards/XilinxBoardStore/boards/Xilinx/zc706/1.4/board.xml as part xc7z045ffg900-2 specified in board_part file is either invalid or not available
WARNING: [Board 49-26] cannot add Board Part xilinx.com:zcu102:part0:3.3 available at D:/Apps/Xilinx/Vivado/2022.2/data/xhub/boards/XilinxBoardStore/boards/Xilinx/zcu102/3.3/board.xml as part xczu9eg-ffvb1156-2-e specified in board_part file is either invalid or not available
WARNING: [Board 49-26] cannot add Board Part xilinx.com:zcu102:part0:3.4 available at D:/Apps/Xilinx/Vivado/2022.2/data/xhub/boards/XilinxBoardStore/boards/Xilinx/zcu102/3.4/board.xml as part xczu9eg-ffvb1156-2-e specified in board_part file is either invalid or not available
WARNING: [Board 49-26] cannot add Board Part xilinx.com:zcu111:part0:1.2 available at D:/Apps/Xilinx/Vivado/2022.2/data/xhub/boards/XilinxBoardStore/boards/Xilinx/zcu111/1.2/board.xml as part xczu28dr-ffvg1517-2-e specified in board_part file is either invalid or not available
WARNING: [Board 49-26] cannot add Board Part xilinx.com:zcu111:part0:1.3 available at D:/Apps/Xilinx/Vivado/2022.2/data/xhub/boards/XilinxBoardStore/boards/Xilinx/zcu111/1.3/board.xml as part xczu28dr-ffvg1517-2-e specified in board_part file is either invalid or not available
WARNING: [Board 49-26] cannot add Board Part xilinx.com:zcu111:part0:1.4 available at D:/Apps/Xilinx/Vivado/2022.2/data/xhub/boards/XilinxBoardStore/boards/Xilinx/zcu111/1.4/board.xml as part xczu28dr-ffvg1517-2-e specified in board_part file is either invalid or not available
WARNING: [Board 49-26] cannot add Board Part xilinx.com:zcu1275:part0:1.0 available at D:/Apps/Xilinx/Vivado/2022.2/data/xhub/boards/XilinxBoardStore/boards/Xilinx/zcu1275/1.0/board.xml as part xczu29dr-ffvf1760-2-e specified in board_part file is either invalid or not available
WARNING: [Board 49-26] cannot add Board Part xilinx.com:zcu1285:part0:1.0 available at D:/Apps/Xilinx/Vivado/2022.2/data/xhub/boards/XilinxBoardStore/boards/Xilinx/zcu1285/1.0/board.xml as part xczu39dr-ffvf1760-2-i specified in board_part file is either invalid or not available
WARNING: [Board 49-26] cannot add Board Part xilinx.com:zcu208:part0:2.0 available at D:/Apps/Xilinx/Vivado/2022.2/data/xhub/boards/XilinxBoardStore/boards/Xilinx/zcu208/production/2.0/board.xml as part xczu48dr-fsvg1517-2-e specified in board_part file is either invalid or not available
WARNING: [Board 49-26] cannot add Board Part xilinx.com:zcu208ld:part0:2.0 available at D:/Apps/Xilinx/Vivado/2022.2/data/xhub/boards/XilinxBoardStore/boards/Xilinx/zcu208ld/production/2.0/board.xml as part xczu58dr-fsvg1517-2-i specified in board_part file is either invalid or not available
WARNING: [Board 49-26] cannot add Board Part xilinx.com:zcu216:part0:2.0 available at D:/Apps/Xilinx/Vivado/2022.2/data/xhub/boards/XilinxBoardStore/boards/Xilinx/zcu216/production/2.0/board.xml as part xczu49dr-ffvf1760-2-e specified in board_part file is either invalid or not available
WARNING: [Board 49-26] cannot add Board Part xilinx.com:zcu216ld:part0:2.0 available at D:/Apps/Xilinx/Vivado/2022.2/data/xhub/boards/XilinxBoardStore/boards/Xilinx/zcu216ld/production/2.0/board.xml as part xczu59dr-ffvf1760-2-i specified in board_part file is either invalid or not available
WARNING: [Board 49-26] cannot add Board Part xilinx.com:zcu670:part0:2.0 available at D:/Apps/Xilinx/Vivado/2022.2/data/xhub/boards/XilinxBoardStore/boards/Xilinx/zcu670/2.0/board.xml as part xczu67dr-fsve1156-2-i specified in board_part file is either invalid or not available
WARNING: [Board 49-26] cannot add Board Part xilinx.com:zcu670ld:part0:1.0 available at D:/Apps/Xilinx/Vivado/2022.2/data/xhub/boards/XilinxBoardStore/boards/Xilinx/zcu670ld/1.0/board.xml as part xczu57dr-fsve1156-2-i specified in board_part file is either invalid or not available
Scanning sources...
Finished scanning sources
INFO: [IP_Flow 19-234] Refreshing IP repositories
INFO: [IP_Flow 19-1700] Loaded user IP repository 'c:/Users/THUAN/Downloads/project_1'.
INFO: [IP_Flow 19-2313] Loaded Vivado IP repository 'D:/Apps/Xilinx/Vivado/2022.2/data/ip'.
open_project: Time (s): cpu = 00:00:18 ; elapsed = 00:00:11 . Memory (MB): peak = 1168.230 ; gain = 374.211
update_compile_order -fileset sources_1
launch_simulation
Command: launch_simulation 
INFO: [Vivado 12-12493] Simulation top is 'encap_tb_fd'
WARNING: [Vivado 12-13340] Unable to auto find GCC executables from simulator install path! (path not set)
WARNING: [Vivado 12-13277] Compiled library path does not exist: ''
INFO: [Vivado 12-5682] Launching behavioral simulation in 'C:/Users/THUAN/Downloads/project_1/project_1.sim/sim_1/behav/xsim'
INFO: [SIM-utils-51] Simulation object is 'sim_1'
INFO: [SIM-utils-72] Using boost library from 'D:/Apps/Xilinx/Vivado/2022.2/tps/boost_1_72_0'
INFO: [USF-XSim-7] Finding pre-compiled libraries...
INFO: [USF-XSim-11] File 'D:/Apps/Xilinx/Vivado/2022.2/data/xsim/xsim.ini' copied to run dir:'C:/Users/THUAN/Downloads/project_1/project_1.sim/sim_1/behav/xsim'
INFO: [SIM-utils-54] Inspecting design source files for 'encap_tb_fd' in fileset 'sim_1'...
INFO: [SIM-utils-43] Exported 'C:/Users/THUAN/Downloads/project_1/project_1.sim/sim_1/behav/xsim/barrett_hqc_192.mem'
INFO: [SIM-utils-43] Exported 'C:/Users/THUAN/Downloads/project_1/project_1.sim/sim_1/behav/xsim/barrett_hqc_128.mem'
INFO: [SIM-utils-43] Exported 'C:/Users/THUAN/Downloads/project_1/project_1.sim/sim_1/behav/xsim/barrett_hqc_256.mem'
INFO: [USF-XSim-97] Finding global include files...
INFO: [USF-XSim-98] Fetching design files from 'sim_1'...
INFO: [USF-XSim-2] XSim::Compile design
INFO: [USF-XSim-61] Executing 'COMPILE and ANALYZE' step in 'C:/Users/THUAN/Downloads/project_1/project_1.sim/sim_1/behav/xsim'
"xvlog --incr --relax -prj encap_tb_fd_vlog.prj"
INFO: [VRFC 10-2263] Analyzing Verilog file "C:/Users/THUAN/Downloads/new/HQC_wrapper.v" into library xil_defaultlib
INFO: [VRFC 10-311] analyzing module HQC_wrapper
INFO: [VRFC 10-2263] Analyzing Verilog file "C:/Users/THUAN/Downloads/new/add_fft.v" into library xil_defaultlib
INFO: [VRFC 10-311] analyzing module add_fft
INFO: [VRFC 10-2263] Analyzing Verilog file "C:/Users/THUAN/Downloads/new/barrett_red_gen.v" into library xil_defaultlib
INFO: [VRFC 10-311] analyzing module barrett_red_gen
INFO: [VRFC 10-2263] Analyzing Verilog file "C:/Users/THUAN/Downloads/new/cdw_xor_tmp.v" into library xil_defaultlib
INFO: [VRFC 10-311] analyzing module cdw_xor_tmp
INFO: [VRFC 10-2263] Analyzing Verilog file "C:/Users/THUAN/Downloads/new/concat_code.v" into library xil_defaultlib
INFO: [VRFC 10-311] analyzing module concat_code
INFO: [VRFC 10-2263] Analyzing Verilog file "C:/Users/THUAN/Downloads/new/control_path.v" into library xil_defaultlib
INFO: [VRFC 10-311] analyzing module control_path
INFO: [VRFC 10-2263] Analyzing Verilog file "C:/Users/THUAN/Downloads/new/data_path.v" into library xil_defaultlib
INFO: [VRFC 10-311] analyzing module data_path
INFO: [VRFC 10-2263] Analyzing Verilog file "C:/Users/THUAN/Downloads/new/decap.v" into library xil_defaultlib
INFO: [VRFC 10-311] analyzing module decap
INFO: [VRFC 10-2263] Analyzing Verilog file "C:/Users/THUAN/Downloads/new/decrypt.v" into library xil_defaultlib
INFO: [VRFC 10-311] analyzing module decrypt
INFO: [VRFC 10-2263] Analyzing Verilog file "C:/Users/THUAN/Downloads/new/encap.v" into library xil_defaultlib
INFO: [VRFC 10-311] analyzing module encap
INFO: [VRFC 10-2263] Analyzing Verilog file "C:/Users/THUAN/Downloads/new/encrypt.v" into library xil_defaultlib
INFO: [VRFC 10-311] analyzing module encrypt
INFO: [VRFC 10-2263] Analyzing Verilog file "C:/Users/THUAN/Downloads/new/encrypt_parallel.v" into library xil_defaultlib
INFO: [VRFC 10-311] analyzing module encrypt_parallel
INFO: [VRFC 10-2263] Analyzing Verilog file "C:/Users/THUAN/Downloads/new/fft_leaves_butterfly.v" into library xil_defaultlib
INFO: [VRFC 10-311] analyzing module fft_leaves_butterfly
INFO: [VRFC 10-2263] Analyzing Verilog file "C:/Users/THUAN/Downloads/new/fft_part1.v" into library xil_defaultlib
INFO: [VRFC 10-311] analyzing module fft_part1
INFO: [VRFC 10-2263] Analyzing Verilog file "C:/Users/THUAN/Downloads/new/fft_part2.v" into library xil_defaultlib
INFO: [VRFC 10-311] analyzing module fft_part2
INFO: [VRFC 10-311] analyzing module fft_part2_round
INFO: [VRFC 10-2263] Analyzing Verilog file "C:/Users/THUAN/Downloads/new/fft_retrieve_error_poly.v" into library xil_defaultlib
INFO: [VRFC 10-311] analyzing module fft_retrieve_error_poly
INFO: [VRFC 10-2263] Analyzing Verilog file "C:/Users/THUAN/Downloads/new/fixed_weight.v" into library xil_defaultlib
INFO: [VRFC 10-311] analyzing module fixed_weight
INFO: [VRFC 10-2263] Analyzing Verilog file "C:/Users/THUAN/Downloads/new/fixed_weight_ct.v" into library xil_defaultlib
INFO: [VRFC 10-311] analyzing module fixed_weight_ct
INFO: [VRFC 10-2263] Analyzing Verilog file "C:/Users/THUAN/Downloads/new/fixed_weight_cww.v" into library xil_defaultlib
INFO: [VRFC 10-311] analyzing module fixed_weight_cww
INFO: [VRFC 10-2263] Analyzing Verilog file "C:/Users/THUAN/Downloads/new/gf_mul.v" into library xil_defaultlib
INFO: [VRFC 10-311] analyzing module gf_mul
INFO: [VRFC 10-2263] Analyzing Verilog file "C:/Users/THUAN/Downloads/new/gfmul_00.v" into library xil_defaultlib
INFO: [VRFC 10-311] analyzing module gfmul_00
INFO: [VRFC 10-2263] Analyzing Verilog file "C:/Users/THUAN/Downloads/new/gfmul_01.v" into library xil_defaultlib
INFO: [VRFC 10-311] analyzing module gfmul_01
INFO: [VRFC 10-2263] Analyzing Verilog file "C:/Users/THUAN/Downloads/new/hqc_barrett_red.v" into library xil_defaultlib
INFO: [VRFC 10-311] analyzing module hqc_barrett_red
INFO: [VRFC 10-2263] Analyzing Verilog file "C:/Users/THUAN/Downloads/new/hqc_decod_top.v" into library xil_defaultlib
INFO: [VRFC 10-311] analyzing module hqc_decod_top
INFO: [VRFC 10-2263] Analyzing Verilog file "C:/Users/THUAN/Downloads/new/hqc_kem_joint_design.v" into library xil_defaultlib
INFO: [VRFC 10-311] analyzing module hqc_kem_joint_design
INFO: [VRFC 10-2263] Analyzing Verilog file "C:/Users/THUAN/Downloads/new/hqc_rmdecod_ctrl.v" into library xil_defaultlib
INFO: [VRFC 10-311] analyzing module hqc_rmdecod_ctrl
INFO: [VRFC 10-2263] Analyzing Verilog file "C:/Users/THUAN/Downloads/new/hqc_rmdecod_expnsum.v" into library xil_defaultlib
INFO: [VRFC 10-311] analyzing module hqc_rmdecod_expnsum
INFO: [VRFC 10-2263] Analyzing Verilog file "C:/Users/THUAN/Downloads/new/hqc_rmdecod_findpeaks.v" into library xil_defaultlib
INFO: [VRFC 10-311] analyzing module hqc_rmdecod_findpeaks
INFO: [VRFC 10-311] analyzing module findpeaks_core
INFO: [VRFC 10-2263] Analyzing Verilog file "C:/Users/THUAN/Downloads/new/hqc_rmdecod_hadamard.v" into library xil_defaultlib
INFO: [VRFC 10-311] analyzing module hqc_rmdecod_hadamard
INFO: [VRFC 10-311] analyzing module hadamard_layer
INFO: [VRFC 10-2263] Analyzing Verilog file "C:/Users/THUAN/Downloads/new/hqc_rmdecod_top.v" into library xil_defaultlib
INFO: [VRFC 10-311] analyzing module hqc_rmdecod_top
INFO: [VRFC 10-2263] Analyzing Verilog file "C:/Users/THUAN/Downloads/new/hqc_rsdecod_elp.v" into library xil_defaultlib
INFO: [VRFC 10-311] analyzing module hqc_rsdecod_elp
INFO: [VRFC 10-2263] Analyzing Verilog file "C:/Users/THUAN/Downloads/new/hqc_rsdecod_err_val.v" into library xil_defaultlib
INFO: [VRFC 10-311] analyzing module hqc_rsdecod_err_val
INFO: [VRFC 10-2263] Analyzing Verilog file "C:/Users/THUAN/Downloads/new/hqc_rsdecod_roots.v" into library xil_defaultlib
INFO: [VRFC 10-311] analyzing module hqc_rsdecod_roots
INFO: [VRFC 10-2263] Analyzing Verilog file "C:/Users/THUAN/Downloads/new/hqc_rsdecod_syndromes.v" into library xil_defaultlib
INFO: [VRFC 10-311] analyzing module hqc_rsdecod_syndromes
INFO: [VRFC 10-2263] Analyzing Verilog file "C:/Users/THUAN/Downloads/new/hqc_rsdecod_top.v" into library xil_defaultlib
INFO: [VRFC 10-311] analyzing module hqc_rsdecod_top
INFO: [VRFC 10-2263] Analyzing Verilog file "C:/Users/THUAN/Downloads/new/hqc_rsdecod_zpoly.v" into library xil_defaultlib
INFO: [VRFC 10-311] analyzing module hqc_rsdecod_zpoly
INFO: [VRFC 10-2263] Analyzing Verilog file "C:/Users/THUAN/Downloads/new/karatsuba_small.v" into library xil_defaultlib
INFO: [VRFC 10-311] analyzing module karatsuba_small
INFO: [VRFC 10-2263] Analyzing Verilog file "C:/Users/THUAN/Downloads/new/keccak_top.v" into library xil_defaultlib
INFO: [VRFC 10-311] analyzing module keccak_top
INFO: [VRFC 10-2263] Analyzing Verilog file "C:/Users/THUAN/Downloads/new/keygen.v" into library xil_defaultlib
INFO: [VRFC 10-311] analyzing module keygen
INFO: [VRFC 10-2263] Analyzing Verilog file "C:/Users/THUAN/Downloads/new/loc_based_adder.v" into library xil_defaultlib
INFO: [VRFC 10-311] analyzing module loc_based_adder
INFO: [VRFC 10-2263] Analyzing Verilog file "C:/Users/THUAN/Downloads/new/mem_dual.v" into library xil_defaultlib
INFO: [VRFC 10-311] analyzing module mem_dual
INFO: [VRFC 10-2263] Analyzing Verilog file "C:/Users/THUAN/Downloads/new/mem_single.v" into library xil_defaultlib
INFO: [VRFC 10-311] analyzing module mem_single
INFO: [VRFC 10-2263] Analyzing Verilog file "C:/Users/THUAN/Downloads/new/mod34.v" into library xil_defaultlib
INFO: [VRFC 10-311] analyzing module mod34
INFO: [VRFC 10-2263] Analyzing Verilog file "C:/Users/THUAN/Downloads/new/onegen.v" into library xil_defaultlib
INFO: [VRFC 10-311] analyzing module onegen
INFO: [VRFC 10-2263] Analyzing Verilog file "C:/Users/THUAN/Downloads/new/onegen_ct.v" into library xil_defaultlib
INFO: [VRFC 10-311] analyzing module onegen_ct
INFO: [VRFC 10-2263] Analyzing Verilog file "C:/Users/THUAN/Downloads/new/poly_mult.v" into library xil_defaultlib
INFO: [VRFC 10-311] analyzing module poly_mult
INFO: [VRFC 10-2263] Analyzing Verilog file "C:/Users/THUAN/Downloads/new/rc.v" into library xil_defaultlib
INFO: [VRFC 10-311] analyzing module rc
INFO: [VRFC 10-2263] Analyzing Verilog file "C:/Users/THUAN/Downloads/new/reed_muller_encode.v" into library xil_defaultlib
INFO: [VRFC 10-311] analyzing module reed_muller_encode
INFO: [VRFC 10-2263] Analyzing Verilog file "C:/Users/THUAN/Downloads/new/reed_solomon_encode.v" into library xil_defaultlib
INFO: [VRFC 10-311] analyzing module reed_solomon_encode
INFO: [VRFC 10-2263] Analyzing Verilog file "C:/Users/THUAN/Downloads/new/rm_encoder.v" into library xil_defaultlib
INFO: [VRFC 10-311] analyzing module rm_encoder
INFO: [VRFC 10-2263] Analyzing Verilog file "C:/Users/THUAN/Downloads/new/state_ram.v" into library xil_defaultlib
INFO: [VRFC 10-311] analyzing module state_ram
INFO: [VRFC 10-2263] Analyzing Verilog file "C:/Users/THUAN/Downloads/new/stateram_inference.v" into library xil_defaultlib
INFO: [VRFC 10-311] analyzing module stateram_inference
INFO: [VRFC 10-2263] Analyzing Verilog file "C:/Users/THUAN/Downloads/new/syncfifo.v" into library xil_defaultlib
INFO: [VRFC 10-311] analyzing module syncfifo
INFO: [VRFC 10-2263] Analyzing Verilog file "C:/Users/THUAN/Downloads/new/transform.v" into library xil_defaultlib
INFO: [VRFC 10-311] analyzing module transform
INFO: [VRFC 10-2263] Analyzing Verilog file "C:/Users/THUAN/Downloads/new/v_minus_uy.v" into library xil_defaultlib
INFO: [VRFC 10-311] analyzing module v_minus_uy
INFO: [VRFC 10-2263] Analyzing Verilog file "C:/Users/THUAN/Downloads/new/vect_set_random.v" into library xil_defaultlib
INFO: [VRFC 10-311] analyzing module vect_set_random
INFO: [VRFC 10-2263] Analyzing Verilog file "C:/Users/THUAN/Downloads/new/xor_based_adder.v" into library xil_defaultlib
INFO: [VRFC 10-311] analyzing module xor_based_adder
INFO: [VRFC 10-2263] Analyzing Verilog file "C:/Users/THUAN/Downloads/new/encap_tb_fd.v" into library xil_defaultlib
INFO: [VRFC 10-311] analyzing module encap_tb_fd
run_program: Time (s): cpu = 00:00:00 ; elapsed = 00:00:06 . Memory (MB): peak = 1199.375 ; gain = 0.000
INFO: [USF-XSim-69] 'compile' step finished in '6' seconds
INFO: [USF-XSim-3] XSim::Elaborate design
INFO: [USF-XSim-61] Executing 'ELABORATE' step in 'C:/Users/THUAN/Downloads/project_1/project_1.sim/sim_1/behav/xsim'
"xelab --incr --debug typical --relax --mt 2 -L xil_defaultlib -L unisims_ver -L unimacro_ver -L secureip -L xpm --snapshot encap_tb_fd_behav xil_defaultlib.encap_tb_fd xil_defaultlib.glbl -log elaborate.log"
Vivado Simulator v2022.2
Copyright 1986-1999, 2001-2022 Xilinx, Inc. All Rights Reserved.
Running: D:/Apps/Xilinx/Vivado/2022.2/bin/unwrapped/win64.o/xelab.exe --incr --debug typical --relax --mt 2 -L xil_defaultlib -L unisims_ver -L unimacro_ver -L secureip -L xpm --snapshot encap_tb_fd_behav xil_defaultlib.encap_tb_fd xil_defaultlib.glbl -log elaborate.log 
Using 2 slave threads.
Starting static elaboration
Pass Through NonSizing Optimizer
WARNING: [VRFC 10-3091] actual bit length 32 differs from formal bit length 16 for port 'gpio_ctrl' [C:/Users/THUAN/Downloads/new/encap_tb_fd.v:30]
Completed static elaboration
Starting simulation data flow analysis
Completed simulation data flow analysis
Time Resolution for simulation is 1ps
Compiling module xil_defaultlib.mem_dual(WIDTH=15,DEPTH=66)
Compiling module xil_defaultlib.mem_dual(WIDTH=32,DEPTH=16)
Compiling module xil_defaultlib.mem_dual(WIDTH=128,DEPTH=139)
Compiling module xil_defaultlib.mem_single(WIDTH=32,DEPTH=10)
Compiling module xil_defaultlib.mem_dual(WIDTH=24,DEPTH=264)
Compiling module xil_defaultlib.hqc_barrett_red_default
Compiling module xil_defaultlib.mem_single(WIDTH=15,DEPTH=66)
Compiling module xil_defaultlib.mem_dual(WIDTH=32,DEPTH=553)
Compiling module xil_defaultlib.onegen_ct(E0_DEPTH=553,DEPTH=553...
Compiling module xil_defaultlib.fixed_weight_ct(N=17669,M=15,WEI...
Compiling module xil_defaultlib.vect_set_random(N=17669)
Compiling module xil_defaultlib.loc_based_adder(WIDTH=128)
Compiling module xil_defaultlib.keygen(N=17669,CT_DESIGN=2'b01)
Compiling module xil_defaultlib.mem_single(WIDTH=32,DEPTH=4)
Compiling module xil_defaultlib.mem_single(WIDTH=32,DEPTH=16)
Compiling module xil_defaultlib.mem_dual(WIDTH=24,DEPTH=450)
Compiling module xil_defaultlib.mem_single(WIDTH=15,DEPTH=75)
Compiling module xil_defaultlib.onegen_ct(E0_DEPTH=553,DEPTH=553...
Compiling module xil_defaultlib.fixed_weight_ct(N=17669,M=15,WEI...
Compiling module xil_defaultlib.gf_mul_default
Compiling module xil_defaultlib.cdw_xor_tmp_default
Compiling module xil_defaultlib.reed_solomon_encode_default
Compiling module xil_defaultlib.rm_encoder
Compiling module xil_defaultlib.mem_single(WIDTH=128,DEPTH=46)
Compiling module xil_defaultlib.reed_muller_encode_default
Compiling module xil_defaultlib.concat_code(parameter_set="hqc12...
Compiling module xil_defaultlib.mem_single(WIDTH=128,DEPTH=139)
Compiling module xil_defaultlib.loc_based_adder(N=17669,WEIGHT=7...
Compiling module xil_defaultlib.xor_based_adder(parameter_set="h...
Compiling module xil_defaultlib.encrypt(CT_DESIGN=2'b01)
Compiling module xil_defaultlib.mod34
Compiling module xil_defaultlib.mem_single(WIDTH=32,DEPTH=1143)
Compiling module xil_defaultlib.encap_default
Compiling module xil_defaultlib.v_minus_uy(parameter_set="hqc128...
Compiling module xil_defaultlib.hqc_rmdecod_expnsum_default
Compiling module xil_defaultlib.syncfifo(DW=4,AW=5)
Compiling module xil_defaultlib.hadamard_layer_default
Compiling module xil_defaultlib.syncfifo(DW=5,AW=5)
Compiling module xil_defaultlib.hadamard_layer(NN=4)
Compiling module xil_defaultlib.syncfifo(DW=6,AW=5)
Compiling module xil_defaultlib.hadamard_layer(NN=5)
Compiling module xil_defaultlib.syncfifo(DW=7,AW=5)
Compiling module xil_defaultlib.hadamard_layer(NN=6)
Compiling module xil_defaultlib.syncfifo(DW=8,AW=5)
Compiling module xil_defaultlib.hadamard_layer(NN=7)
Compiling module xil_defaultlib.syncfifo(DW=9,AW=5)
Compiling module xil_defaultlib.hadamard_layer(NN=8)
Compiling module xil_defaultlib.syncfifo(DW=10,AW=5)
Compiling module xil_defaultlib.hadamard_layer(NN=9)
Compiling module xil_defaultlib.hqc_rmdecod_hadamard_default
Compiling module xil_defaultlib.findpeaks_core(DOUT_W=7)
Compiling module xil_defaultlib.hqc_rmdecod_findpeaks_default
Compiling module xil_defaultlib.hqc_rmdecod_ctrl_default
Compiling module xil_defaultlib.hqc_rmdecod_top_default
Compiling module xil_defaultlib.gfmul_01
Compiling module xil_defaultlib.hqc_rsdecod_syndromes_default
Compiling module xil_defaultlib.gfmul_00
Compiling module xil_defaultlib.hqc_rsdecod_elp_default
Compiling module xil_defaultlib.hqc_rsdecod_zpoly_default
Compiling module xil_defaultlib.fft_part1(DIN_W=256)
Compiling module xil_defaultlib.fft_leaves_butterfly
Compiling module xil_defaultlib.syncfifo(DW=8,AW=4)
Compiling module xil_defaultlib.fft_part2_round_default
Compiling module xil_defaultlib.fft_part2_round(ROUND=1)
Compiling module xil_defaultlib.syncfifo(DW=8,AW=6)
Compiling module xil_defaultlib.fft_part2_round(ROUND=2)
Compiling module xil_defaultlib.syncfifo(DW=8)
Compiling module xil_defaultlib.fft_part2_round(ROUND=3)
Compiling module xil_defaultlib.fft_part2_default
Compiling module xil_defaultlib.add_fft
Compiling module xil_defaultlib.fft_retrieve_error_poly_default
Compiling module xil_defaultlib.hqc_rsdecod_roots_default
Compiling module xil_defaultlib.hqc_rsdecod_err_val_default
Compiling module xil_defaultlib.hqc_rsdecod_top_default
Compiling module xil_defaultlib.hqc_decod_top_default
Compiling module xil_defaultlib.decrypt_default
Compiling module xil_defaultlib.decap_default
Compiling module xil_defaultlib.control_path
Compiling module xil_defaultlib.rc
Compiling module xil_defaultlib.transform
Compiling module xil_defaultlib.stateram_inference_default
Compiling module xil_defaultlib.stateram_inference(i=1)
Compiling module xil_defaultlib.stateram_inference(i=2)
Compiling module xil_defaultlib.stateram_inference(i=3)
Compiling module xil_defaultlib.stateram_inference(i=4)
Compiling module xil_defaultlib.stateram_inference(i=5)
Compiling module xil_defaultlib.stateram_inference(i=6)
Compiling module xil_defaultlib.stateram_inference(i=7)
Compiling module xil_defaultlib.stateram_inference(i=8)
Compiling module xil_defaultlib.stateram_inference(i=9)
Compiling module xil_defaultlib.stateram_inference(i=10)
Compiling module xil_defaultlib.stateram_inference(i=11)
Compiling module xil_defaultlib.stateram_inference(i=12)
Compiling module xil_defaultlib.stateram_inference(i=13)
Compiling module xil_defaultlib.stateram_inference(i=14)
Compiling module xil_defaultlib.stateram_inference(i=15)
Compiling module xil_defaultlib.stateram_inference(i=16)
Compiling module xil_defaultlib.stateram_inference(i=17)
Compiling module xil_defaultlib.stateram_inference(i=18)
Compiling module xil_defaultlib.stateram_inference(i=19)
Compiling module xil_defaultlib.stateram_inference(i=20)
Compiling module xil_defaultlib.stateram_inference(i=21)
Compiling module xil_defaultlib.stateram_inference(i=22)
Compiling module xil_defaultlib.stateram_inference(i=23)
Compiling module xil_defaultlib.stateram_inference(i=24)
Compiling module xil_defaultlib.state_ram_default
Compiling module xil_defaultlib.data_path_default
Compiling module xil_defaultlib.keccak_top
Compiling module xil_defaultlib.poly_mult(MAX_WEIGHT=75,N=17669,...
Compiling module xil_defaultlib.hqc_kem_joint_design_default
Compiling module xil_defaultlib.HQC_wrapper
Compiling module xil_defaultlib.encap_tb_fd
Compiling module xil_defaultlib.glbl
Built simulation snapshot encap_tb_fd_behav
run_program: Time (s): cpu = 00:00:01 ; elapsed = 00:00:15 . Memory (MB): peak = 1199.375 ; gain = 0.000
INFO: [USF-XSim-69] 'elaborate' step finished in '15' seconds
INFO: [USF-XSim-4] XSim::Simulate design
INFO: [USF-XSim-61] Executing 'SIMULATE' step in 'C:/Users/THUAN/Downloads/project_1/project_1.sim/sim_1/behav/xsim'
INFO: [USF-XSim-98] *** Running xsim
   with args "encap_tb_fd_behav -key {Behavioral:sim_1:Functional:encap_tb_fd} -tclbatch {encap_tb_fd.tcl} -log {simulate.log}"
INFO: [USF-XSim-8] Loading simulator feature
Time resolution is 1 ps
source encap_tb_fd.tcl
# set curr_wave [current_wave_config]
# if { [string length $curr_wave] == 0 } {
#   if { [llength [get_objects]] > 0} {
#     add_wave /
#     set_property needs_save false [current_wave_config]
#   } else {
#      send_msg_id Add_Wave-1 WARNING "No top level signals found. Simulator will start without a wave window. If you want to open a wave window go to 'File->New Waveform Configuration' or type 'create_wave_config' in the TCL console."
#   }
# }
# run 1000ns
=== STARTING ENCAP TB (FRONTDOOR + INTERNAL DUMP) ===
--- [TB] Loading RAM ID 0 (0=H, 1=S) ---
INFO: [USF-XSim-96] XSim completed. Design snapshot 'encap_tb_fd_behav' loaded.
INFO: [USF-XSim-97] XSim simulation ran for 1000ns
launch_simulation: Time (s): cpu = 00:00:14 ; elapsed = 00:00:27 . Memory (MB): peak = 1236.348 ; gain = 36.973
run all
--- [TB] Loading RAM ID 1 (0=H, 1=S) ---
--- [TB] Loading Message m (RAM_SEL=6)... ---
--- [TB] Triggering Encap Start ---
--- [TB] Polling for Done... ---
--- [TB] DONE DETECTED! (After 3098 cycles) ---
--- [TB] Writing Shared Secret to ss_output_128.out ---
--- [TB] Dumping D via PS Interface... ---
--- [TB] Dumping u, v, d to internal .in files ---
=== SUCCESS: ALL FILES WRITTEN ===
$finish called at time : 328380 ns : File "C:/Users/THUAN/Downloads/new/encap_tb_fd.v" Line 191
close_sim
INFO: [Simtcl 6-16] Simulation closed
exit
INFO: [Common 17-206] Exiting Vivado at Thu May  7 12:18:11 2026...
